# sampler started 2026-09-19 09:43:55, every 15s for 55m
09:44:10 busy=0.0s/15s idle
09:44:25 busy=0.0s/15s idle
09:44:40 busy=0.0s/15s idle
09:44:55 busy=0.0s/15s idle
09:45:10 busy=0.0s/15s idle
09:45:25 busy=14.5s/15s dotnet(33164) 13.9s, python(21184) 0.6s
09:45:40 busy=0.0s/15s idle
09:45:55 busy=13.1s/15s dotnet(10180) 13.1s
09:46:10 busy=0.0s/15s idle
09:46:25 busy=13.1s/15s dotnet(38356) 13.1s
09:46:40 busy=0.0s/15s idle
09:46:55 busy=0.0s/15s idle
09:47:10 busy=0.0s/15s idle
09:47:25 busy=0.0s/15s idle
09:47:40 busy=13.5s/15s dotnet(38324) 13.5s
09:47:55 busy=0.0s/15s idle
09:48:10 busy=13.1s/15s dotnet(20204) 13.1s
09:48:25 busy=0.0s/15s idle
09:48:40 busy=14.1s/15s dotnet(30912) 14.1s
09:48:55 busy=14.2s/15s dotnet(30912) 14.2s
09:49:10 busy=0.0s/15s idle
09:49:25 busy=14.4s/15s dotnet(19560) 14.4s
09:49:40 busy=1.0s/15s dotnet(36312) 1.0s
09:49:55 busy=13.9s/15s dotnet(5024) 13.9s
09:50:10 busy=39.1s/15s python(21184) 39.1s
09:50:26 busy=14.4s/15s dotnet(37316) 13.3s, python(21184) 1.1s
09:50:41 busy=0.0s/15s idle
09:50:56 busy=14.2s/15s dotnet(12664) 14.2s
09:51:11 busy=0.0s/15s idle
09:51:26 busy=15.0s/15s dotnet(24844) 14.0s, msedgewebview2(22120) 1.0s
09:51:41 busy=0.0s/15s idle
09:51:56 busy=14.4s/15s dotnet(40008) 14.4s
09:52:11 busy=0.0s/15s idle
09:52:26 busy=14.8s/15s dotnet(23076) 14.2s, python(21184) 0.6s
09:52:41 busy=155.9s/15s csc(17108) 151.6s, python(21184) 4.3s
09:52:56 busy=14.6s/15s dotnet(28364) 14.0s, python(21184) 0.6s
09:53:11 busy=14.3s/15s dotnet(28364) 14.3s
09:53:26 busy=0.0s/15s idle
09:53:41 busy=14.2s/15s dotnet(23200) 14.2s
09:53:56 busy=15.0s/15s dotnet(23200) 14.2s, python(21184) 0.9s
09:54:11 busy=0.0s/15s idle
09:54:26 busy=31.7s/15s dotnet(1780) 14.8s, dotnet(12404) 10.7s, dotnet(29980) 6.2s
09:54:41 busy=33.6s/15s dotnet(29980) 23.4s, dotnet(12404) 9.6s, python(21184) 0.7s
09:54:56 busy=42.1s/15s dotnet(12404) 24.7s, dotnet(27296) 14.8s, dotnet(29980) 2.1s, python(21184) 0.5s
09:55:11 busy=10.6s/15s dotnet(12404) 10.6s
09:55:26 busy=24.5s/15s dotnet(37884) 12.5s, dotnet(12404) 12.1s
09:55:41 busy=5.9s/15s dotnet(12404) 5.9s
09:55:56 busy=5.2s/15s dotnet(12404) 5.2s
09:56:11 busy=13.3s/15s dotnet(29980) 13.3s
09:56:26 busy=13.0s/15s dotnet(5924) 13.0s
09:56:41 busy=0.0s/15s idle
09:56:56 busy=12.5s/15s dotnet(16212) 12.5s
09:57:11 busy=0.0s/15s idle
09:57:26 busy=12.0s/15s dotnet(11748) 12.0s
09:57:41 busy=0.0s/15s idle
09:57:56 busy=0.0s/15s idle
09:58:12 busy=0.0s/15s idle
09:58:27 busy=0.0s/15s idle
09:58:42 busy=12.5s/15s dotnet(4992) 12.5s
09:58:57 busy=0.0s/15s idle
09:59:12 busy=0.0s/15s idle
09:59:27 busy=0.0s/15s idle
09:59:42 busy=11.9s/15s dotnet(13524) 11.9s
09:59:57 busy=0.0s/15s idle
10:00:12 busy=0.0s/15s idle
10:00:27 busy=0.0s/15s idle
10:00:42 busy=0.0s/15s idle
10:00:57 busy=10.3s/15s dotnet(8488) 10.3s
10:01:12 busy=0.0s/15s idle
10:01:27 busy=1.2s/15s msedgewebview2(22120) 1.2s
10:01:42 busy=0.0s/15s idle
10:01:57 busy=0.0s/15s idle
10:02:12 busy=12.6s/15s dotnet(40524) 12.6s
10:02:27 busy=0.0s/15s idle
10:02:42 busy=0.0s/15s idle
10:02:57 busy=0.0s/15s idle
10:03:12 busy=0.0s/15s idle
10:03:27 busy=14.1s/15s dotnet(21288) 14.1s
10:03:42 busy=0.0s/15s idle
10:03:57 busy=13.2s/15s dotnet(36048) 13.2s
10:04:12 busy=0.0s/15s idle
10:04:27 busy=9.2s/15s dotnet(25736) 9.2s
10:04:42 busy=0.0s/15s idle
10:04:57 busy=10.3s/15s dotnet(41716) 10.3s
10:05:12 busy=0.0s/15s idle
10:05:27 busy=0.7s/15s python(21184) 0.7s
10:05:42 busy=0.0s/15s idle
10:05:57 busy=12.3s/15s dotnet(15812) 12.3s
10:06:12 busy=0.0s/15s idle
10:06:27 busy=12.3s/15s dotnet(40128) 12.3s
10:06:42 busy=0.0s/15s idle
10:06:57 busy=12.6s/15s dotnet(32832) 12.6s
10:07:12 busy=0.0s/15s idle
10:07:27 busy=13.7s/15s dotnet(6000) 13.7s
10:07:42 busy=0.0s/15s idle
10:07:57 busy=15.2s/15s dotnet(9180) 12.9s, msedge(18644) 2.3s
10:08:13 busy=0.0s/15s idle
10:08:28 busy=0.0s/15s idle
10:08:43 busy=11.7s/15s dotnet(12144) 11.7s
10:08:58 busy=12.2s/15s dotnet(12144) 12.2s
10:09:13 busy=0.0s/15s idle
10:09:28 busy=13.5s/15s dotnet(26040) 13.5s
10:09:43 busy=0.0s/15s idle
10:09:58 busy=14.1s/15s dotnet(41768) 12.8s, msedge(17672) 0.7s, msedge(17224) 0.6s
10:10:13 busy=0.0s/15s idle
10:10:28 busy=14.5s/15s dotnet(8924) 13.3s, python(21184) 1.2s
10:10:43 busy=0.0s/15s idle
10:10:58 busy=14.2s/15s dotnet(38460) 14.2s
10:11:13 busy=0.0s/15s idle
10:11:28 busy=15.2s/15s dotnet(14992) 14.2s, msedgewebview2(22120) 1.0s
10:11:43 busy=0.0s/15s idle
10:11:58 busy=13.2s/15s dotnet(6956) 13.2s
10:12:13 busy=0.0s/15s idle
10:12:28 busy=0.0s/15s idle
10:12:43 busy=13.8s/15s dotnet(27452) 13.8s
10:12:58 busy=0.0s/15s idle
10:13:13 busy=11.5s/15s dotnet(26460) 11.5s
10:13:28 busy=0.0s/15s idle
10:13:43 busy=0.0s/15s idle
10:13:58 busy=0.0s/15s idle
10:14:13 busy=8.9s/15s dotnet(36248) 8.9s
10:14:28 busy=0.0s/15s idle
10:14:43 busy=0.0s/15s idle
