11:17:19 busy=8.5s/15s pwsh(30380) 7.0s, msedge(17224) 0.8s, msedge(18644) 0.7s
11:17:34 busy=10.5s/15s pwsh(30380) 8.8s, msedge(17224) 0.6s, msedge(20780) 0.6s, python(21184) 0.5s
11:17:49 busy=21.8s/15s dotnet(21272) 14.1s, pwsh(30380) 7.7s
11:18:04 busy=1.8s/15s msedge(38616) 1.2s, python(21184) 0.6s
11:18:19 busy=12.4s/15s dotnet(30512) 12.4s
11:18:34 busy=0.0s/15s idle
11:18:49 busy=13.2s/15s dotnet(10476) 13.2s
11:19:04 busy=20.3s/15s dotnet(10476) 14.4s, python(21184) 6.0s
11:19:19 busy=0.0s/15s idle
11:19:34 busy=0.0s/15s idle
11:19:49 busy=1.8s/15s python(21184) 1.8s
11:20:04 busy=19.5s/15s dotnet(36040) 14.4s, python(21184) 5.1s
11:20:19 busy=2.2s/15s python(21184) 2.2s
11:20:34 busy=0.0s/15s idle
11:20:49 busy=14.7s/15s dotnet(29460) 13.5s, python(21184) 1.2s
11:21:04 busy=0.0s/15s idle
11:21:19 busy=55.4s/15s python(21184) 54.5s, msedgewebview2(22120) 1.0s
11:21:34 busy=78.8s/15s python(21184) 64.1s, dotnet(23776) 14.7s
11:21:49 busy=0.0s/15s idle
11:22:04 busy=0.0s/15s idle
11:22:19 busy=0.0s/15s idle
11:22:35 busy=13.1s/15s dotnet(34600) 13.1s
11:22:50 busy=0.0s/15s idle
11:23:05 busy=14.0s/15s dotnet(6216) 14.0s
11:23:20 busy=0.0s/15s idle
11:23:35 busy=12.9s/15s dotnet(39824) 12.9s
11:23:50 busy=1.8s/15s msedge(17224) 1.0s, msedge(18644) 0.8s
11:24:05 busy=12.5s/15s dotnet(34872) 12.5s
11:24:20 busy=0.7s/15s msedge(11640) 0.7s
11:24:35 busy=13.5s/15s dotnet(36600) 12.2s, msedge(11640) 1.3s
11:24:50 busy=0.8s/15s msedge(11640) 0.8s
11:25:05 busy=12.5s/15s dotnet(11488) 12.5s
11:25:20 busy=0.0s/15s idle
11:25:35 busy=12.9s/15s dotnet(41736) 12.9s
11:25:50 busy=1.0s/15s python(21184) 1.0s
11:26:05 busy=14.4s/15s dotnet(36240) 13.7s, msedge(11640) 0.7s
11:26:20 busy=1.3s/15s msedge(17224) 0.7s, msedge(11640) 0.6s
11:26:35 busy=15.7s/15s dotnet(11764) 14.3s, msedge(11640) 0.9s, msedge(17224) 0.5s
11:26:50 busy=1.2s/15s msedge(11640) 1.2s
11:27:05 busy=13.2s/15s dotnet(35896) 13.2s
11:27:20 busy=1.6s/15s msedge(17224) 0.8s, msedge(36640) 0.8s
11:27:35 busy=0.0s/15s idle
11:27:50 busy=0.9s/15s msedge(11640) 0.9s
11:28:05 busy=0.0s/15s idle
11:28:20 busy=12.7s/15s dotnet(41040) 12.7s
11:28:35 busy=0.0s/15s idle
11:28:50 busy=11.4s/15s dotnet(39964) 11.4s
11:29:05 busy=0.8s/15s msedge(11640) 0.8s
11:29:20 busy=12.0s/15s dotnet(11524) 12.0s
11:29:35 busy=0.0s/15s idle
11:29:50 busy=1.4s/15s msedge(11640) 1.4s
11:30:05 busy=1.6s/15s msedge(11640) 1.6s
11:30:20 busy=1.4s/15s msedge(11640) 1.4s
11:30:35 busy=14.9s/15s dotnet(32412) 13.9s, msedge(11640) 1.0s
11:30:50 busy=0.9s/15s msedge(11640) 0.9s
11:31:05 busy=0.9s/15s msedge(11640) 0.9s
11:31:20 busy=1.7s/15s msedge(11640) 1.0s, msedgewebview2(22120) 0.8s
11:31:35 busy=2.1s/15s msedge(11640) 2.1s
11:31:50 busy=0.0s/15s idle
11:32:05 busy=13.8s/15s dotnet(16988) 13.8s
11:32:20 busy=0.9s/15s python(21184) 0.9s
11:32:35 busy=0.0s/15s idle
11:32:50 busy=0.0s/15s idle
11:33:06 busy=13.7s/15s dotnet(12656) 13.7s
11:33:21 busy=0.0s/15s idle
11:33:36 busy=0.0s/15s idle
11:33:51 busy=0.0s/15s idle
11:34:06 busy=0.0s/15s idle
11:34:21 busy=0.0s/15s idle
11:34:36 busy=0.0s/15s idle
11:34:51 busy=5.1s/15s dotnet(26308) 5.1s
11:35:06 busy=0.0s/15s idle
11:35:21 busy=0.0s/15s idle
11:35:36 busy=13.8s/15s dotnet(22936) 13.8s
11:35:51 busy=0.0s/15s idle
11:36:06 busy=16.2s/15s dotnet(40740) 11.8s, jetbrains-toolbox(4072) 4.4s
11:36:21 busy=0.0s/15s idle
11:36:36 busy=12.1s/15s dotnet(9792) 12.1s
11:36:51 busy=0.0s/15s idle
11:37:06 busy=0.0s/15s idle
11:37:21 busy=0.0s/15s idle
11:37:36 busy=0.0s/15s idle
11:37:51 busy=13.9s/15s dotnet(38956) 13.9s
11:38:06 busy=0.0s/15s idle
11:38:21 busy=0.0s/15s idle
11:38:36 busy=0.0s/15s idle
11:38:51 busy=0.0s/15s idle
11:39:06 busy=0.0s/15s idle
11:39:21 busy=13.8s/15s dotnet(40460) 13.8s
11:39:36 busy=0.0s/15s idle
11:39:51 busy=13.7s/15s dotnet(1860) 13.7s
11:40:06 busy=0.0s/15s idle
11:40:21 busy=13.8s/15s dotnet(30164) 13.8s
11:40:36 busy=0.0s/15s idle
11:40:51 busy=0.5s/15s python(21184) 0.5s
11:41:06 busy=12.3s/15s dotnet(38148) 12.3s
11:41:21 busy=0.9s/15s msedgewebview2(22120) 0.9s
11:41:36 busy=0.0s/15s idle
11:41:51 busy=0.0s/15s idle
11:42:06 busy=0.0s/15s idle
11:42:21 busy=13.0s/15s dotnet(37484) 13.0s
11:42:36 busy=0.0s/15s idle
11:42:51 busy=12.9s/15s dotnet(39720) 12.9s
11:43:06 busy=0.0s/15s idle
11:43:21 busy=7.1s/15s dotnet(19376) 7.1s
11:43:36 busy=0.0s/15s idle
11:43:51 busy=0.0s/15s idle
11:44:06 busy=0.0s/15s idle
11:44:21 busy=0.0s/15s idle
11:44:36 busy=12.9s/15s dotnet(22164) 12.9s
11:44:52 busy=0.0s/15s idle
11:45:07 busy=0.0s/15s idle
11:45:22 busy=0.0s/15s idle
11:45:37 busy=0.0s/15s idle
11:45:52 busy=0.6s/15s python(21184) 0.6s
11:46:07 busy=0.0s/15s idle
11:46:22 busy=0.0s/15s idle
11:46:37 busy=0.0s/15s idle
11:46:52 busy=10.1s/15s dotnet(19544) 10.1s
11:47:07 busy=0.0s/15s idle
11:47:22 busy=10.7s/15s dotnet(25364) 10.7s
11:47:37 busy=0.0s/15s idle
11:47:52 busy=0.0s/15s idle
11:48:07 busy=0.0s/15s idle
11:48:22 busy=0.0s/15s idle
11:48:37 busy=0.0s/15s idle
11:48:52 busy=0.0s/15s idle
11:49:07 busy=13.2s/15s dotnet(40912) 13.2s
11:49:22 busy=0.0s/15s idle
11:49:37 busy=0.0s/15s idle
11:49:52 busy=0.0s/15s idle
11:50:07 busy=0.0s/15s idle
11:50:22 busy=0.0s/15s idle
11:50:37 busy=0.0s/15s idle
11:50:52 busy=0.7s/15s python(21184) 0.7s
11:51:07 busy=13.6s/15s dotnet(30192) 13.6s
11:51:22 busy=1.2s/15s msedgewebview2(22120) 1.2s
11:51:37 busy=13.6s/15s dotnet(18020) 13.6s
11:51:52 busy=0.0s/15s idle
11:52:07 busy=0.0s/15s idle
11:52:22 busy=0.0s/15s idle
11:52:37 busy=0.0s/15s idle
11:52:52 busy=0.0s/15s idle
11:53:07 busy=0.0s/15s idle
11:53:22 busy=0.0s/15s idle
11:53:37 busy=0.0s/15s idle
