# sampler started 2026-09-19 11:56:31, every 15s for 45m
11:56:46 busy=1.2s/15s dotnet(37252) 1.2s
11:57:01 busy=1.4s/15s VBCSCompiler(36888) 1.4s
11:57:16 busy=13.1s/15s dotnet(30388) 13.1s
11:57:31 busy=0.0s/15s idle
11:57:46 busy=0.0s/15s idle
11:58:01 busy=0.0s/15s idle
11:58:16 busy=0.0s/15s idle
11:58:31 busy=14.2s/15s dotnet(3564) 14.2s
11:58:46 busy=0.0s/15s idle
11:59:01 busy=12.8s/15s dotnet(40900) 12.8s
11:59:16 busy=0.0s/15s idle
11:59:31 busy=0.0s/15s idle
11:59:46 busy=0.0s/15s idle
12:00:01 busy=0.0s/15s idle
12:00:16 busy=13.3s/15s dotnet(16828) 13.3s
12:00:31 busy=0.0s/15s idle
12:00:46 busy=0.6s/15s python(21184) 0.6s
12:01:01 busy=0.0s/15s idle
12:01:17 busy=15.0s/15s dotnet(9556) 14.2s, msedgewebview2(22120) 0.8s
12:01:32 busy=0.0s/15s idle
12:01:47 busy=0.0s/15s idle
12:02:02 busy=0.0s/15s idle
12:02:17 busy=14.2s/15s dotnet(18396) 14.2s
12:02:32 busy=0.0s/15s idle
12:02:47 busy=0.0s/15s idle
12:03:02 busy=14.5s/15s dotnet(30192) 14.5s
12:03:17 busy=0.0s/15s idle
12:03:32 busy=0.0s/15s idle
12:03:47 busy=14.0s/15s dotnet(41404) 14.0s
12:04:02 busy=0.0s/15s idle
12:04:17 busy=13.4s/15s dotnet(39612) 13.4s
12:04:32 busy=0.0s/15s idle
12:04:47 busy=0.0s/15s idle
12:05:02 busy=13.8s/15s dotnet(30116) 13.8s
12:05:17 busy=0.0s/15s idle
12:05:32 busy=13.6s/15s dotnet(41820) 13.6s
12:05:47 busy=0.0s/15s idle
12:06:02 busy=0.0s/15s idle
12:06:17 busy=0.0s/15s idle
12:06:32 busy=0.0s/15s idle
12:06:47 busy=14.5s/15s dotnet(38532) 13.1s, msedge(17916) 1.4s
12:07:02 busy=0.0s/15s idle
12:07:17 busy=12.4s/15s dotnet(36244) 12.4s
12:07:32 busy=0.0s/15s idle
12:07:47 busy=0.0s/15s idle
12:08:02 busy=18.0s/15s dotnet(25580) 13.5s, msedge(18644) 4.5s
12:08:17 busy=0.6s/15s msedge(18644) 0.6s
12:08:32 busy=0.0s/15s idle
12:08:47 busy=0.0s/15s idle
12:09:02 busy=13.1s/15s dotnet(38584) 13.1s
12:09:17 busy=0.0s/15s idle
12:09:32 busy=0.0s/15s idle
12:09:47 busy=0.0s/15s idle
12:10:02 busy=0.0s/15s idle
12:10:17 busy=0.0s/15s idle
12:10:32 busy=0.0s/15s idle
12:10:47 busy=0.0s/15s idle
12:11:02 busy=14.4s/15s dotnet(37324) 13.8s, python(21184) 0.6s
12:11:17 busy=1.0s/15s msedgewebview2(22120) 1.0s
12:11:32 busy=0.0s/15s idle
12:11:47 busy=0.0s/15s idle
12:12:02 busy=0.0s/15s idle
12:12:17 busy=0.0s/15s idle
12:12:32 busy=0.0s/15s idle
12:12:47 busy=0.0s/15s idle
12:13:03 busy=5.7s/15s dotnet(3152) 5.7s
12:13:18 busy=0.0s/15s idle
12:13:33 busy=14.0s/15s dotnet(10720) 14.0s
12:13:48 busy=0.0s/15s idle
12:14:03 busy=0.0s/15s idle
12:14:18 busy=12.3s/15s dotnet(38244) 12.3s
12:14:33 busy=0.0s/15s idle
12:14:48 busy=11.3s/15s dotnet(25472) 11.3s
12:15:03 busy=0.0s/15s idle
12:15:18 busy=0.0s/15s idle
12:15:33 busy=0.0s/15s idle
12:15:48 busy=0.0s/15s idle
12:16:03 busy=13.8s/15s dotnet(12100) 13.8s
12:16:18 busy=0.0s/15s idle
12:16:33 busy=0.0s/15s idle
12:16:48 busy=0.0s/15s idle
12:17:03 busy=0.0s/15s idle
12:17:18 busy=0.0s/15s idle
12:17:33 busy=13.3s/15s dotnet(39744) 13.3s
12:17:48 busy=0.0s/15s idle
12:18:03 busy=13.5s/15s dotnet(37240) 13.5s
12:18:18 busy=0.0s/15s idle
12:18:33 busy=13.6s/15s dotnet(38944) 13.6s
12:18:48 busy=0.0s/15s idle
12:19:03 busy=0.0s/15s idle
12:19:18 busy=0.0s/15s idle
12:19:33 busy=14.2s/15s dotnet(14200) 14.2s
12:19:48 busy=0.0s/15s idle
12:20:03 busy=13.9s/15s dotnet(9796) 13.9s
12:20:18 busy=0.0s/15s idle
12:20:33 busy=0.0s/15s idle
12:20:48 busy=13.4s/15s dotnet(1828) 13.4s
12:21:03 busy=0.6s/15s python(21184) 0.6s
12:21:18 busy=15.2s/15s dotnet(584) 14.1s, msedgewebview2(22120) 1.2s
12:21:33 busy=0.0s/15s idle
12:21:48 busy=0.0s/15s idle
12:22:03 busy=0.0s/15s idle
12:22:18 busy=8.3s/15s dotnet(9020) 8.3s
12:22:33 busy=0.0s/15s idle
12:22:48 busy=0.0s/15s idle
12:23:03 busy=0.0s/15s idle
12:23:18 busy=0.0s/15s idle
12:23:33 busy=0.0s/15s idle
12:23:48 busy=0.0s/15s idle
12:24:03 busy=0.0s/15s idle
12:24:18 busy=13.4s/15s dotnet(25756) 13.4s
12:24:33 busy=0.0s/15s idle
12:24:48 busy=0.0s/15s idle
12:25:03 busy=0.0s/15s idle
12:25:19 busy=10.8s/15s dotnet(41892) 10.8s
12:25:34 busy=0.0s/15s idle
12:25:49 busy=11.1s/15s dotnet(13512) 11.1s
12:26:04 busy=0.0s/15s idle
12:26:19 busy=0.0s/15s idle
12:26:34 busy=0.0s/15s idle
12:26:49 busy=0.0s/15s idle
12:27:04 busy=0.0s/15s idle
12:27:19 busy=0.0s/15s idle
12:27:34 busy=0.0s/15s idle
12:27:49 busy=0.0s/15s idle
12:28:04 busy=0.0s/15s idle
12:28:19 busy=0.0s/15s idle
12:28:34 busy=0.0s/15s idle
12:28:49 busy=0.0s/15s idle
12:29:04 busy=0.0s/15s idle
12:29:19 busy=13.6s/15s dotnet(40040) 13.6s
12:29:34 busy=0.0s/15s idle
12:29:49 busy=13.6s/15s dotnet(34796) 13.6s
